------------------------------------------------------------
TimeQuest Timing Analyzer Summary
------------------------------------------------------------

Type  : Slow Model Setup 'vga_ctrl:vga_ctrl_realization|clk25m'
Slack : -3.254
TNS   : -173.370

Type  : Slow Model Setup 'vga_ctrl:vga_ctrl_realization|clk50m'
Slack : 1.091
TNS   : 0.000

Type  : Slow Model Setup 'clk100m'
Slack : 3.414
TNS   : 0.000

Type  : Slow Model Hold 'clk100m'
Slack : -3.180
TNS   : -3.180

Type  : Slow Model Hold 'vga_ctrl:vga_ctrl_realization|clk50m'
Slack : -0.857
TNS   : -0.857

Type  : Slow Model Hold 'vga_ctrl:vga_ctrl_realization|clk25m'
Slack : 0.499
TNS   : 0.000

Type  : Slow Model Minimum Pulse Width 'clk100m'
Slack : -1.941
TNS   : -30.137

Type  : Slow Model Minimum Pulse Width 'vga_ctrl:vga_ctrl_realization|clk25m'
Slack : -0.742
TNS   : -105.364

Type  : Slow Model Minimum Pulse Width 'vga_ctrl:vga_ctrl_realization|clk50m'
Slack : -0.742
TNS   : -1.484

Type  : Fast Model Setup 'vga_ctrl:vga_ctrl_realization|clk25m'
Slack : -0.433
TNS   : -16.877

Type  : Fast Model Setup 'vga_ctrl:vga_ctrl_realization|clk50m'
Slack : 0.773
TNS   : 0.000

Type  : Fast Model Setup 'clk100m'
Slack : 2.133
TNS   : 0.000

Type  : Fast Model Hold 'clk100m'
Slack : -1.753
TNS   : -1.753

Type  : Fast Model Hold 'vga_ctrl:vga_ctrl_realization|clk50m'
Slack : -0.393
TNS   : -0.393

Type  : Fast Model Hold 'vga_ctrl:vga_ctrl_realization|clk25m'
Slack : 0.215
TNS   : 0.000

Type  : Fast Model Minimum Pulse Width 'clk100m'
Slack : -1.380
TNS   : -20.380

Type  : Fast Model Minimum Pulse Width 'vga_ctrl:vga_ctrl_realization|clk25m'
Slack : -0.500
TNS   : -71.000

Type  : Fast Model Minimum Pulse Width 'vga_ctrl:vga_ctrl_realization|clk50m'
Slack : -0.500
TNS   : -1.000

------------------------------------------------------------
