------------------------------------------------------------
TimeQuest Timing Analyzer Summary
------------------------------------------------------------

Type  : Slow Model Setup 'vga_ctrl:vga_ctrl_realization|clk25m'
Slack : -15.227
TNS   : -2913.754

Type  : Slow Model Setup 'vga_ctrl:vga_ctrl_realization|paint:paint_realization|sram_ctrl:sram_ctrl_realization|distilled_clk'
Slack : -2.812
TNS   : -174.086

Type  : Slow Model Setup 'vga_ctrl:vga_ctrl_realization|keyboard_ctrl:keyboard_ctrl_realization|ps2_keyboard:ps2_keyboard_realization|allow'
Slack : -2.596
TNS   : -21.470

Type  : Slow Model Setup 'vga_ctrl:vga_ctrl_realization|keyboard_ctrl:keyboard_ctrl_realization|ps2_keyboard:ps2_keyboard_realization|ps2_clk'
Slack : -2.295
TNS   : -31.145

Type  : Slow Model Setup 'clk100m'
Slack : -1.746
TNS   : -7.988

Type  : Slow Model Setup 'vga_ctrl:vga_ctrl_realization|clk50m'
Slack : 1.091
TNS   : 0.000

Type  : Slow Model Hold 'clk100m'
Slack : -3.137
TNS   : -9.166

Type  : Slow Model Hold 'vga_ctrl:vga_ctrl_realization|keyboard_ctrl:keyboard_ctrl_realization|ps2_keyboard:ps2_keyboard_realization|ps2_clk'
Slack : -3.030
TNS   : -3.030

Type  : Slow Model Hold 'vga_ctrl:vga_ctrl_realization|clk50m'
Slack : -0.857
TNS   : -0.857

Type  : Slow Model Hold 'vga_ctrl:vga_ctrl_realization|clk25m'
Slack : 0.499
TNS   : 0.000

Type  : Slow Model Hold 'vga_ctrl:vga_ctrl_realization|keyboard_ctrl:keyboard_ctrl_realization|ps2_keyboard:ps2_keyboard_realization|allow'
Slack : 0.499
TNS   : 0.000

Type  : Slow Model Hold 'vga_ctrl:vga_ctrl_realization|paint:paint_realization|sram_ctrl:sram_ctrl_realization|distilled_clk'
Slack : 0.740
TNS   : 0.000

Type  : Slow Model Minimum Pulse Width 'clk100m'
Slack : -1.941
TNS   : -13.813

Type  : Slow Model Minimum Pulse Width 'vga_ctrl:vga_ctrl_realization|clk25m'
Slack : -0.742
TNS   : -544.628

Type  : Slow Model Minimum Pulse Width 'vga_ctrl:vga_ctrl_realization|paint:paint_realization|sram_ctrl:sram_ctrl_realization|distilled_clk'
Slack : -0.742
TNS   : -176.596

Type  : Slow Model Minimum Pulse Width 'vga_ctrl:vga_ctrl_realization|keyboard_ctrl:keyboard_ctrl_realization|ps2_keyboard:ps2_keyboard_realization|ps2_clk'
Slack : -0.742
TNS   : -41.552

Type  : Slow Model Minimum Pulse Width 'vga_ctrl:vga_ctrl_realization|keyboard_ctrl:keyboard_ctrl_realization|ps2_keyboard:ps2_keyboard_realization|allow'
Slack : -0.742
TNS   : -14.840

Type  : Slow Model Minimum Pulse Width 'vga_ctrl:vga_ctrl_realization|keyboard_ctrl:keyboard_ctrl_realization|ps2_keyboard:ps2_keyboard_realization|clk5m'
Slack : -0.742
TNS   : -2.968

Type  : Slow Model Minimum Pulse Width 'vga_ctrl:vga_ctrl_realization|clk50m'
Slack : -0.742
TNS   : -1.484

Type  : Fast Model Setup 'vga_ctrl:vga_ctrl_realization|clk25m'
Slack : -4.020
TNS   : -707.226

Type  : Fast Model Setup 'vga_ctrl:vga_ctrl_realization|keyboard_ctrl:keyboard_ctrl_realization|ps2_keyboard:ps2_keyboard_realization|allow'
Slack : -0.465
TNS   : -3.017

Type  : Fast Model Setup 'vga_ctrl:vga_ctrl_realization|paint:paint_realization|sram_ctrl:sram_ctrl_realization|distilled_clk'
Slack : -0.330
TNS   : -9.349

Type  : Fast Model Setup 'vga_ctrl:vga_ctrl_realization|keyboard_ctrl:keyboard_ctrl_realization|ps2_keyboard:ps2_keyboard_realization|ps2_clk'
Slack : -0.284
TNS   : -2.531

Type  : Fast Model Setup 'clk100m'
Slack : 0.112
TNS   : 0.000

Type  : Fast Model Setup 'vga_ctrl:vga_ctrl_realization|clk50m'
Slack : 0.773
TNS   : 0.000

Type  : Fast Model Hold 'clk100m'
Slack : -1.714
TNS   : -5.117

Type  : Fast Model Hold 'vga_ctrl:vga_ctrl_realization|keyboard_ctrl:keyboard_ctrl_realization|ps2_keyboard:ps2_keyboard_realization|ps2_clk'
Slack : -1.539
TNS   : -1.539

Type  : Fast Model Hold 'vga_ctrl:vga_ctrl_realization|clk50m'
Slack : -0.393
TNS   : -0.393

Type  : Fast Model Hold 'vga_ctrl:vga_ctrl_realization|clk25m'
Slack : 0.215
TNS   : 0.000

Type  : Fast Model Hold 'vga_ctrl:vga_ctrl_realization|keyboard_ctrl:keyboard_ctrl_realization|ps2_keyboard:ps2_keyboard_realization|allow'
Slack : 0.215
TNS   : 0.000

Type  : Fast Model Hold 'vga_ctrl:vga_ctrl_realization|paint:paint_realization|sram_ctrl:sram_ctrl_realization|distilled_clk'
Slack : 0.239
TNS   : 0.000

Type  : Fast Model Minimum Pulse Width 'clk100m'
Slack : -1.380
TNS   : -9.380

Type  : Fast Model Minimum Pulse Width 'vga_ctrl:vga_ctrl_realization|clk25m'
Slack : -0.500
TNS   : -367.000

Type  : Fast Model Minimum Pulse Width 'vga_ctrl:vga_ctrl_realization|paint:paint_realization|sram_ctrl:sram_ctrl_realization|distilled_clk'
Slack : -0.500
TNS   : -119.000

Type  : Fast Model Minimum Pulse Width 'vga_ctrl:vga_ctrl_realization|keyboard_ctrl:keyboard_ctrl_realization|ps2_keyboard:ps2_keyboard_realization|ps2_clk'
Slack : -0.500
TNS   : -28.000

Type  : Fast Model Minimum Pulse Width 'vga_ctrl:vga_ctrl_realization|keyboard_ctrl:keyboard_ctrl_realization|ps2_keyboard:ps2_keyboard_realization|allow'
Slack : -0.500
TNS   : -10.000

Type  : Fast Model Minimum Pulse Width 'vga_ctrl:vga_ctrl_realization|keyboard_ctrl:keyboard_ctrl_realization|ps2_keyboard:ps2_keyboard_realization|clk5m'
Slack : -0.500
TNS   : -2.000

Type  : Fast Model Minimum Pulse Width 'vga_ctrl:vga_ctrl_realization|clk50m'
Slack : -0.500
TNS   : -1.000

------------------------------------------------------------
